d:\fa132\dothinkey_ez_car_sdk_20260312\dtcartestsample_mfc_dt\x64\middle\dtsample.pch
d:\fa132\dothinkey_ez_car_sdk_20260312\dtcartestsample_mfc_dt\x64\middle\vc120.pdb
d:\fa132\dothinkey_ez_car_sdk_20260312\dtcartestsample_mfc_dt\x64\middle\stdafx.obj
d:\fa132\dothinkey_ez_car_sdk_20260312\dtcartestsample_mfc_dt\x64\middle\i2cdebug.obj
d:\fa132\dothinkey_ez_car_sdk_20260312\dtcartestsample_mfc_dt\x64\middle\dtsampledlg.obj
d:\fa132\dothinkey_ez_car_sdk_20260312\dtcartestsample_mfc_dt\x64\middle\dtsample.obj
d:\fa132\dothinkey_ez_car_sdk_20260312\dtcartestsample_mfc_dt\x64\middle\dtfileoperate.obj
d:\fa132\dothinkey_ez_car_sdk_20260312\dtcartestsample_mfc_dt\x64\middle\dtchanneldlg.obj
d:\fa132\dothinkey_ez_car_sdk_20260312\dtcartestsample_mfc_dt\x64\middle\dtspecdlg.obj
d:\fa132\dothinkey_ez_car_sdk_20260312\dtcartestsample_mfc_dt\x64\middle\dtfirmwareburn.obj
d:\fa132\dothinkey_ez_car_sdk_20260312\dtcartestsample_mfc_dt\x64\middle\dtcarfunction.obj
d:\fa132\dothinkey_ez_car_sdk_20260312\dtcartestsample_mfc_dt\x64\middle\dtlighttestreport.obj
d:\fa132\dothinkey_ez_car_sdk_20260312\dtcartestsample_mfc_dt\x64\middle\dthotpixelalgo.obj
d:\fa132\dothinkey_ez_car_sdk_20260312\dtcartestsample_mfc_dt\x64\middle\dtbadpixeldetect.obj
d:\fa132\dothinkey_ez_car_sdk_20260312\dtcartestsample_mfc_dt\x64\middle\dtencoding.obj
d:\fa132\dothinkey_ez_car_sdk_20260312\dtcartestsample_mfc_dt\x64\release\dtsample.exe
d:\fa132\dothinkey_ez_car_sdk_20260312\dtcartestsample_mfc_dt\x64\release\dtsample.pdb
d:\fa132\dothinkey_ez_car_sdk_20260312\dtcartestsample_mfc_dt\x64\middle\dtsample.res
d:\fa132\dothinkey_ez_car_sdk_20260312\dtcartestsample_mfc_dt\x64\middle\dtspecsettings.res
d:\fa132\dothinkey_ez_car_sdk_20260312\dtcartestsample_mfc_dt\x64\middle\dtsample.tlog\cl.command.1.tlog
d:\fa132\dothinkey_ez_car_sdk_20260312\dtcartestsample_mfc_dt\x64\middle\dtsample.tlog\cl.read.1.tlog
d:\fa132\dothinkey_ez_car_sdk_20260312\dtcartestsample_mfc_dt\x64\middle\dtsample.tlog\cl.write.1.tlog
d:\fa132\dothinkey_ez_car_sdk_20260312\dtcartestsample_mfc_dt\x64\middle\dtsample.tlog\link.command.1.tlog
d:\fa132\dothinkey_ez_car_sdk_20260312\dtcartestsample_mfc_dt\x64\middle\dtsample.tlog\link.read.1.tlog
d:\fa132\dothinkey_ez_car_sdk_20260312\dtcartestsample_mfc_dt\x64\middle\dtsample.tlog\link.write.1.tlog
d:\fa132\dothinkey_ez_car_sdk_20260312\dtcartestsample_mfc_dt\x64\middle\dtsample.tlog\rc.command.1.tlog
d:\fa132\dothinkey_ez_car_sdk_20260312\dtcartestsample_mfc_dt\x64\middle\dtsample.tlog\rc.read.1.tlog
d:\fa132\dothinkey_ez_car_sdk_20260312\dtcartestsample_mfc_dt\x64\middle\dtsample.tlog\rc.write.1.tlog
